// Jest Snapshot v1, https://goo.gl/fbAQLP

exports[`Sql builder  get works 1`] = `"select * from \\"some_table\\" where \\"t\\".\\"tx_uid\\" = (select \\"uid\\" from \\"txs\\" where \\"id\\" = 'id' limit 1) order by \\"t\\".\\"tx_uid\\" desc limit 1"`;

exports[`Sql builder mget works 1`] = `"select * from \\"some_table\\" where \\"t\\".\\"tx_uid\\" in (select \\"uid\\" from \\"txs\\" where \\"id\\" in ('id1', 'id2') limit 2) order by \\"t\\".\\"tx_uid\\" desc limit 2"`;

exports[`Sql builder search covers case with all filters (without after) 1`] = `"select * from \\"some_table\\" where \\"t\\".\\"sender_uid\\" = (select \\"uid\\" from \\"addresses\\" where \\"address\\" = 'sender' limit 1) and \\"t\\".\\"tx_uid\\" >= (select \\"uid\\" from \\"txs\\" where \\"time_stamp\\" >= 'timeStart' order by \\"id\\" asc, \\"time_stamp\\" asc limit 1) and \\"t\\".\\"tx_uid\\" <= (select \\"uid\\" from \\"txs\\" where \\"time_stamp\\" <= 'timeEnd' order by \\"id\\" desc, \\"time_stamp\\" desc limit 1) order by \\"t\\".\\"tx_uid\\" desc limit 1"`;

exports[`Sql builder search covers case with all filters with after 1`] = `"select * from \\"some_table\\" where \\"t\\".\\"sender_uid\\" = (select \\"uid\\" from \\"addresses\\" where \\"address\\" = 'sender' limit 1) and \\"t\\".\\"tx_uid\\" >= (select \\"uid\\" from \\"txs\\" where \\"time_stamp\\" >= 'timeStart' order by \\"id\\" asc, \\"time_stamp\\" asc limit 1) and \\"t\\".\\"tx_uid\\" <= (select \\"uid\\" from \\"txs\\" where \\"time_stamp\\" <= 'timeEnd' order by \\"id\\" desc, \\"time_stamp\\" desc limit 1) and \\"t\\".\\"tx_uid\\" > 20000000 order by \\"t\\".\\"tx_uid\\" desc limit 1"`;
