// Jest Snapshot v1, https://goo.gl/fbAQLP

exports[`Sql search by type-specific filters supports assetId and script filters 1`] = `"select \\"t\\".\\"uid\\" as \\"uid\\", \\"t\\".\\"height\\" as \\"height\\", \\"t\\".\\"tx_type\\" as \\"tx_type\\", \\"t\\".\\"id\\" as \\"id\\", \\"t\\".\\"time_stamp\\" as \\"time_stamp\\", \\"t\\".\\"signature\\" as \\"signature\\", \\"t\\".\\"proofs\\" as \\"proofs\\", \\"t\\".\\"tx_version\\" as \\"tx_version\\", \\"t\\".\\"fee\\" as \\"fee\\", \\"t\\".\\"status\\" as \\"status\\", \\"t\\".\\"sender\\" as \\"sender\\", \\"t\\".\\"sender_public_key\\" as \\"sender_public_key\\", \\"t\\".\\"asset_id\\" as \\"asset_id\\", \\"t\\".\\"script\\" as \\"script\\" from \\"txs_15\\" as \\"t\\" where \\"asset_id\\" = 'WAVES' and md5(script) = '19ef6b3d410646859afc954c10322e28' order by \\"t\\".\\"uid\\" asc"`;

exports[`Sql search by type-specific filters supports assetId filter 1`] = `"select \\"t\\".\\"uid\\" as \\"uid\\", \\"t\\".\\"height\\" as \\"height\\", \\"t\\".\\"tx_type\\" as \\"tx_type\\", \\"t\\".\\"id\\" as \\"id\\", \\"t\\".\\"time_stamp\\" as \\"time_stamp\\", \\"t\\".\\"signature\\" as \\"signature\\", \\"t\\".\\"proofs\\" as \\"proofs\\", \\"t\\".\\"tx_version\\" as \\"tx_version\\", \\"t\\".\\"fee\\" as \\"fee\\", \\"t\\".\\"status\\" as \\"status\\", \\"t\\".\\"sender\\" as \\"sender\\", \\"t\\".\\"sender_public_key\\" as \\"sender_public_key\\", \\"t\\".\\"asset_id\\" as \\"asset_id\\", \\"t\\".\\"script\\" as \\"script\\" from \\"txs_15\\" as \\"t\\" where \\"asset_id\\" = 'WAVES' order by \\"t\\".\\"uid\\" asc"`;

exports[`Sql search by type-specific filters supports script filter 1`] = `"select \\"t\\".\\"uid\\" as \\"uid\\", \\"t\\".\\"height\\" as \\"height\\", \\"t\\".\\"tx_type\\" as \\"tx_type\\", \\"t\\".\\"id\\" as \\"id\\", \\"t\\".\\"time_stamp\\" as \\"time_stamp\\", \\"t\\".\\"signature\\" as \\"signature\\", \\"t\\".\\"proofs\\" as \\"proofs\\", \\"t\\".\\"tx_version\\" as \\"tx_version\\", \\"t\\".\\"fee\\" as \\"fee\\", \\"t\\".\\"status\\" as \\"status\\", \\"t\\".\\"sender\\" as \\"sender\\", \\"t\\".\\"sender_public_key\\" as \\"sender_public_key\\", \\"t\\".\\"asset_id\\" as \\"asset_id\\", \\"t\\".\\"script\\" as \\"script\\" from \\"txs_15\\" as \\"t\\" where md5(script) = '19ef6b3d410646859afc954c10322e28' order by \\"t\\".\\"uid\\" asc"`;
