// Jest Snapshot v1, https://goo.gl/fbAQLP

exports[`Sql search by type-specific filters supports recipient filter 1`] = `"select \\"t\\".\\"tx_uid\\" as \\"tx_uid\\", \\"t\\".\\"height\\" as \\"height\\", \\"txs\\".\\"tx_type\\" as \\"tx_type\\", \\"txs\\".\\"id\\" as \\"id\\", \\"txs\\".\\"time_stamp\\" as \\"time_stamp\\", \\"txs\\".\\"signature\\" as \\"signature\\", \\"txs\\".\\"proofs\\" as \\"proofs\\", \\"txs\\".\\"tx_version\\" as \\"tx_version\\", txs.fee * 10^(-8) as \\"fee\\", \\"addr\\".\\"address\\" as \\"sender\\", \\"addr\\".\\"public_key\\" as \\"sender_public_key\\", \\"t\\".\\"script\\" as \\"script\\" from (select * from \\"txs_13\\" as \\"t\\" where md5(script) = '19ef6b3d410646859afc954c10322e28') as \\"t\\" left join \\"txs\\" on \\"txs\\".\\"uid\\" = \\"t\\".\\"tx_uid\\" left join \\"addresses\\" as \\"addr\\" on \\"addr\\".\\"uid\\" = \\"t\\".\\"sender_uid\\" order by \\"txs\\".\\"uid\\" asc"`;
