// Jest Snapshot v1, https://goo.gl/fbAQLP

exports[`Sql search supports type-specific filters 1`] = `"with \\"filtered_cte\\" as (select \\"tx_uid\\", \\"height\\", \\"position_in_block\\", \\"price\\", \\"amount\\", \\"sell_matcher_fee\\", \\"buy_matcher_fee\\", \\"sender_uid\\", \\"order1\\", \\"order2\\" from \\"txs_7\\" as \\"t\\" where array[t.order1_sender_uid, t.order2_sender_uid] @> array[(select \\"uid\\" from \\"addresses\\" where \\"address\\" = 'sender' limit 1)] and \\"t\\".\\"sender_uid\\" = (select \\"uid\\" from \\"addresses\\" where \\"address\\" = 'matcher' limit 1) and \\"t\\".\\"amount_asset_uid\\" = (select \\"uid\\" from \\"assets_data\\" where \\"asset_id\\" = 'amountAsset' limit 1) and \\"t\\".\\"price_asset_uid\\" = (select \\"uid\\" from \\"assets_data\\" where \\"asset_id\\" = 'priceAsset' limit 1) order by \\"t\\".\\"height\\" desc, \\"t\\".\\"position_in_block\\" desc), \\"e_cte\\" as (select \\"t\\".\\"tx_uid\\" as \\"tx_uid\\", \\"txs\\".\\"id\\" as \\"id\\", \\"txs\\".\\"time_stamp\\" as \\"time_stamp\\", \\"t\\".\\"height\\" as \\"height\\", \\"t\\".\\"position_in_block\\" as \\"position_in_block\\", \\"txs\\".\\"signature\\" as \\"signature\\", \\"txs\\".\\"proofs\\" as \\"proofs\\", \\"txs\\".\\"tx_type\\" as \\"tx_type\\", \\"txs\\".\\"tx_version\\" as \\"tx_version\\", \\"addr\\".\\"address\\" as \\"sender\\", \\"addr\\".\\"public_key\\" as \\"sender_public_key\\", coalesce(t.order1->'assetPair'->>'amountAsset', 'WAVES') as \\"amount_asset\\", coalesce(t.order1->'assetPair'->>'priceAsset', 'WAVES') as \\"price_asset\\", t.price as \\"price\\", t.amount as \\"amount\\", txs.fee * 10^(-8) as \\"fee\\", t.sell_matcher_fee * 10^(-8) as \\"sell_matcher_fee\\", t.buy_matcher_fee * 10^(-8) as \\"buy_matcher_fee\\", t.order1->>'id' as \\"o1_id\\", t.order1->>'version' as \\"o1_version\\", text_timestamp_cast(t.order1->>'timestamp') as \\"o1_time_stamp\\", text_timestamp_cast(t.order1->>'expiration') as \\"o1_expiration\\", t.order1->>'signature' as \\"o1_signature\\", t.order1->>'sender' as \\"o1_sender\\", t.order1->>'senderPublicKey' as \\"o1_sender_public_key\\", t.order1->>'orderType' as \\"o1_type\\", (t.order1->>'price')::double precision as \\"o1_price\\", (t.order1->>'amount')::double precision as \\"o1_amount\\", (t.order1->>'matcherFee')::double precision * 10^(-8) as \\"o1_matcher_fee\\", t.order1->>'matcherFeeAssetId' as \\"o1_matcher_fee_asset_id\\", t.order2->>'id' as \\"o2_id\\", t.order2->>'version' as \\"o2_version\\", text_timestamp_cast(t.order2->>'timestamp') as \\"o2_time_stamp\\", text_timestamp_cast(t.order2->>'expiration') as \\"o2_expiration\\", t.order2->>'signature' as \\"o2_signature\\", t.order2->>'sender' as \\"o2_sender\\", t.order2->>'senderPublicKey' as \\"o2_sender_public_key\\", t.order2->>'orderType' as \\"o2_type\\", (t.order2->>'price')::double precision as \\"o2_price\\", (t.order2->>'amount')::double precision as \\"o2_amount\\", (t.order2->>'matcherFee')::double precision * 10^(-8) as \\"o2_matcher_fee\\", t.order2->>'matcherFeeAssetId' as \\"o2_matcher_fee_asset_id\\" from \\"filtered_cte\\" as \\"t\\" left join \\"txs\\" as \\"txs\\" on \\"txs\\".\\"uid\\" = \\"t\\".\\"tx_uid\\" left join \\"addresses\\" as \\"addr\\" on \\"addr\\".\\"uid\\" = \\"t\\".\\"sender_uid\\") select \\"tx_uid\\", \\"id\\", \\"time_stamp\\", \\"height\\", \\"position_in_block\\", \\"signature\\", \\"proofs\\", \\"tx_type\\", \\"tx_version\\", \\"sender\\", \\"sender_public_key\\", \\"amount_asset\\", \\"price_asset\\", \\"fee\\", \\"sell_matcher_fee\\", \\"buy_matcher_fee\\", \\"o1_id\\", \\"o1_version\\", \\"o1_time_stamp\\", \\"o1_expiration\\", \\"o1_signature\\", \\"o1_sender\\", \\"o1_sender_public_key\\", \\"o1_type\\", \\"o1_matcher_fee\\", \\"o1_matcher_fee_asset_id\\", \\"o2_id\\", \\"o2_version\\", \\"o2_time_stamp\\", \\"o2_expiration\\", \\"o2_signature\\", \\"o2_sender\\", \\"o2_sender_public_key\\", \\"o2_type\\", \\"o2_matcher_fee\\", \\"o2_matcher_fee_asset_id\\", t.price * 10^(-8 - coalesce(p_dec.decimals, 8) + coalesce(a_dec.decimals, 8)) as \\"price\\", t.amount * 10^(-coalesce(a_dec.decimals, 8)) as \\"amount\\", t.o1_price * 10^(-8 - coalesce(p_dec.decimals, 8) + coalesce(a_dec.decimals, 8)) as \\"o1_price\\", t.o1_amount * 10^(-coalesce(a_dec.decimals, 8)) as \\"o1_amount\\", t.o2_price * 10^(-8 - coalesce(p_dec.decimals, 8) + coalesce(a_dec.decimals, 8)) as \\"o2_price\\", t.o2_amount * 10^(-coalesce(a_dec.decimals, 8)) as \\"o2_amount\\" from \\"e_cte\\" as \\"t\\" left join \\"assets_data\\" as \\"a_dec\\" on \\"t\\".\\"amount_asset\\" = \\"a_dec\\".\\"asset_id\\" left join \\"assets_data\\" as \\"p_dec\\" on \\"t\\".\\"price_asset\\" = \\"p_dec\\".\\"asset_id\\" order by \\"t\\".\\"height\\" desc, \\"t\\".\\"position_in_block\\" desc"`;
