// Jest Snapshot v1, https://goo.gl/fbAQLP

exports[`Sql search by type-specific filters supports dapp and function filters 1`] = `"select \\"t\\".\\"tx_uid\\", \\"t\\".\\"height\\", \\"t\\".\\"position_in_block\\", \\"txs\\".\\"tx_type\\", \\"txs\\".\\"id\\", \\"txs\\".\\"time_stamp\\", \\"txs\\".\\"signature\\", \\"txs\\".\\"proofs\\", \\"txs\\".\\"tx_version\\", \\"addr\\".\\"address\\" as \\"sender\\", \\"addr\\".\\"public_key\\" as \\"sender_public_key\\", \\"daddr\\".\\"address\\" as \\"dapp\\", \\"t\\".\\"function_name\\", \\"a\\".\\"arg_type\\", \\"a\\".\\"arg_value_integer\\", \\"a\\".\\"arg_value_boolean\\", \\"a\\".\\"arg_value_binary\\", \\"a\\".\\"arg_value_string\\", \\"a\\".\\"position_in_args\\", \\"ad\\".\\"asset_id\\" as \\"asset_id\\", p.amount * 10^(case when p.asset_uid is null then -8 else -ad.decimals end) as amount, \\"p\\".\\"position_in_payment\\", fee * 10^(-8) as fee from (select * from \\"txs_16\\" as \\"t\\" where \\"dapp_address_uid\\" = (select \\"uid\\" from \\"addresses\\" where \\"address\\" = 'b3N92gNUHh6jnZmZtdgECTm3cNAZb1Zei6Ve' limit 1) and \\"function_name\\" = 'deposit' order by \\"t\\".\\"height\\" desc, \\"t\\".\\"position_in_block\\" desc) as \\"t\\" left join \\"txs_16_args\\" as \\"a\\" on \\"a\\".\\"tx_uid\\" = \\"t\\".\\"tx_uid\\" left join \\"txs_16_payment\\" as \\"p\\" on \\"p\\".\\"tx_uid\\" = \\"t\\".\\"tx_uid\\" left join \\"assets_data\\" as \\"ad\\" on \\"ad\\".\\"uid\\" = \\"p\\".\\"asset_uid\\" left join \\"addresses\\" as \\"addr\\" on \\"addr\\".\\"uid\\" = \\"t\\".\\"sender_uid\\" left join \\"addresses\\" as \\"daddr\\" on \\"daddr\\".\\"uid\\" = \\"t\\".\\"dapp_address_uid\\" left join \\"txs\\" on \\"txs\\".\\"uid\\" = \\"t\\".\\"tx_uid\\" order by \\"t\\".\\"height\\" desc, \\"t\\".\\"position_in_block\\" desc"`;

exports[`Sql search by type-specific filters supports dapp filter 1`] = `"select \\"t\\".\\"tx_uid\\", \\"t\\".\\"height\\", \\"t\\".\\"position_in_block\\", \\"txs\\".\\"tx_type\\", \\"txs\\".\\"id\\", \\"txs\\".\\"time_stamp\\", \\"txs\\".\\"signature\\", \\"txs\\".\\"proofs\\", \\"txs\\".\\"tx_version\\", \\"addr\\".\\"address\\" as \\"sender\\", \\"addr\\".\\"public_key\\" as \\"sender_public_key\\", \\"daddr\\".\\"address\\" as \\"dapp\\", \\"t\\".\\"function_name\\", \\"a\\".\\"arg_type\\", \\"a\\".\\"arg_value_integer\\", \\"a\\".\\"arg_value_boolean\\", \\"a\\".\\"arg_value_binary\\", \\"a\\".\\"arg_value_string\\", \\"a\\".\\"position_in_args\\", \\"ad\\".\\"asset_id\\" as \\"asset_id\\", p.amount * 10^(case when p.asset_uid is null then -8 else -ad.decimals end) as amount, \\"p\\".\\"position_in_payment\\", fee * 10^(-8) as fee from (select * from \\"txs_16\\" as \\"t\\" where \\"dapp_address_uid\\" = (select \\"uid\\" from \\"addresses\\" where \\"address\\" = '3N92gNUHh6jnZmZtdgECTm3cNAZb1Zei6Ve' limit 1) order by \\"t\\".\\"height\\" desc, \\"t\\".\\"position_in_block\\" desc) as \\"t\\" left join \\"txs_16_args\\" as \\"a\\" on \\"a\\".\\"tx_uid\\" = \\"t\\".\\"tx_uid\\" left join \\"txs_16_payment\\" as \\"p\\" on \\"p\\".\\"tx_uid\\" = \\"t\\".\\"tx_uid\\" left join \\"assets_data\\" as \\"ad\\" on \\"ad\\".\\"uid\\" = \\"p\\".\\"asset_uid\\" left join \\"addresses\\" as \\"addr\\" on \\"addr\\".\\"uid\\" = \\"t\\".\\"sender_uid\\" left join \\"addresses\\" as \\"daddr\\" on \\"daddr\\".\\"uid\\" = \\"t\\".\\"dapp_address_uid\\" left join \\"txs\\" on \\"txs\\".\\"uid\\" = \\"t\\".\\"tx_uid\\" order by \\"t\\".\\"height\\" desc, \\"t\\".\\"position_in_block\\" desc"`;

exports[`Sql search by type-specific filters supports function filter 1`] = `"select \\"t\\".\\"tx_uid\\", \\"t\\".\\"height\\", \\"t\\".\\"position_in_block\\", \\"txs\\".\\"tx_type\\", \\"txs\\".\\"id\\", \\"txs\\".\\"time_stamp\\", \\"txs\\".\\"signature\\", \\"txs\\".\\"proofs\\", \\"txs\\".\\"tx_version\\", \\"addr\\".\\"address\\" as \\"sender\\", \\"addr\\".\\"public_key\\" as \\"sender_public_key\\", \\"daddr\\".\\"address\\" as \\"dapp\\", \\"t\\".\\"function_name\\", \\"a\\".\\"arg_type\\", \\"a\\".\\"arg_value_integer\\", \\"a\\".\\"arg_value_boolean\\", \\"a\\".\\"arg_value_binary\\", \\"a\\".\\"arg_value_string\\", \\"a\\".\\"position_in_args\\", \\"ad\\".\\"asset_id\\" as \\"asset_id\\", p.amount * 10^(case when p.asset_uid is null then -8 else -ad.decimals end) as amount, \\"p\\".\\"position_in_payment\\", fee * 10^(-8) as fee from (select * from \\"txs_16\\" as \\"t\\" where \\"function_name\\" = 'deposit' order by \\"t\\".\\"height\\" desc, \\"t\\".\\"position_in_block\\" desc) as \\"t\\" left join \\"txs_16_args\\" as \\"a\\" on \\"a\\".\\"tx_uid\\" = \\"t\\".\\"tx_uid\\" left join \\"txs_16_payment\\" as \\"p\\" on \\"p\\".\\"tx_uid\\" = \\"t\\".\\"tx_uid\\" left join \\"assets_data\\" as \\"ad\\" on \\"ad\\".\\"uid\\" = \\"p\\".\\"asset_uid\\" left join \\"addresses\\" as \\"addr\\" on \\"addr\\".\\"uid\\" = \\"t\\".\\"sender_uid\\" left join \\"addresses\\" as \\"daddr\\" on \\"daddr\\".\\"uid\\" = \\"t\\".\\"dapp_address_uid\\" left join \\"txs\\" on \\"txs\\".\\"uid\\" = \\"t\\".\\"tx_uid\\" order by \\"t\\".\\"height\\" desc, \\"t\\".\\"position_in_block\\" desc"`;
