// Jest Snapshot v1, https://goo.gl/fbAQLP

exports[`Sql search supports type-specific filters 1`] = `"select \\"t\\".\\"tx_uid\\" as \\"tx_uid\\", \\"txs\\".\\"id\\" as \\"id\\", (txs.fee * 10^(-8)) :: DOUBLE PRECISION as \\"fee\\", array_agg(t.recipient order by t.position_in_tx) as \\"recipients\\", array_agg(t.amount  order by t.position_in_tx) as \\"amounts\\", \\"t\\".\\"height\\" as \\"height\\", \\"txs\\".\\"tx_type\\" as \\"tx_type\\", \\"txs\\".\\"time_stamp\\" as \\"time_stamp\\", \\"txs\\".\\"signature\\" as \\"signature\\", \\"txs\\".\\"proofs\\" as \\"proofs\\", \\"txs\\".\\"tx_version\\" as \\"tx_version\\", \\"t\\".\\"sender\\" as \\"sender\\", \\"t\\".\\"sender_public_key\\" as \\"sender_public_key\\", \\"t\\".\\"asset_id\\" as \\"asset_id\\", \\"t\\".\\"attachment\\" as \\"attachment\\" from (select \\"t\\".\\"tx_uid\\" as \\"tx_uid\\", \\"t\\".\\"height\\" as \\"height\\", \\"t\\".\\"sender\\" as \\"sender\\", \\"t\\".\\"sender_public_key\\" as \\"sender_public_key\\", coalesce(a.asset_id,'WAVES') as \\"asset_id\\", \\"t\\".\\"attachment\\" as \\"attachment\\", tfs.amount * 10^(-coalesce(a.decimals, 8))::double precision as \\"amount\\", \\"tfs\\".\\"position_in_tx\\" as \\"position_in_tx\\", coalesce(tfs.recipient_address, tfs.recipient_alias) as \\"recipient\\" from (select * from \\"txs_11\\" as \\"t\\" where \\"asset_uid\\" = (select \\"uid\\" from \\"assets_data\\" where \\"asset_id\\" = 'assetId' limit 1) and \\"tx_uid\\" in (select \\"tx_uid\\" from \\"txs_11_transfers\\" where recipient_address = coalesce((select sender from txs_10 where alias = 'recipient' limit 1), recipient))) as \\"t\\" left join \\"txs_11_transfers\\" as \\"tfs\\" on \\"tfs\\".\\"tx_uid\\" = \\"t\\".\\"tx_uid\\" left join \\"assets_data\\" as \\"a\\" on \\"a\\".\\"uid\\" = \\"t\\".\\"asset_uid\\") as \\"t\\" left join \\"txs\\" on \\"txs\\".\\"uid\\" = \\"t\\".\\"tx_uid\\" group by \\"txs\\".\\"id\\", \\"txs\\".\\"fee\\", \\"t\\".\\"height\\", \\"txs\\".\\"tx_type\\", \\"txs\\".\\"time_stamp\\", \\"txs\\".\\"signature\\", \\"txs\\".\\"proofs\\", \\"txs\\".\\"tx_version\\", \\"t\\".\\"sender\\", \\"t\\".\\"sender_public_key\\", \\"t\\".\\"asset_id\\", \\"t\\".\\"attachment\\", \\"t\\".\\"tx_uid\\", \\"txs\\".\\"uid\\" order by \\"t\\".\\"tx_uid\\" asc"`;
