// Jest Snapshot v1, https://goo.gl/fbAQLP

exports[`Sql search supports type-specific filters 1`] = `"select \\"t\\".\\"tx_uid\\" as \\"tx_uid\\", \\"t\\".\\"height\\" as \\"height\\", \\"txs\\".\\"tx_type\\" as \\"tx_type\\", \\"txs\\".\\"id\\" as \\"id\\", \\"txs\\".\\"time_stamp\\" as \\"time_stamp\\", \\"txs\\".\\"signature\\" as \\"signature\\", \\"txs\\".\\"proofs\\" as \\"proofs\\", \\"txs\\".\\"tx_version\\" as \\"tx_version\\", txs.fee * 10^(-coalesce(fa.decimals, 8))::double precision as \\"fee\\", \\"t\\".\\"sender\\" as \\"sender\\", \\"t\\".\\"sender_public_key\\" as \\"sender_public_key\\", coalesce(a.asset_id,'WAVES') as \\"asset_id\\", t.amount * 10^(-coalesce(a.decimals, 8))::double precision as \\"amount\\", coalesce(t.recipient_alias, t.recipient_address) as \\"recipient\\", coalesce(fa.asset_id, 'WAVES') as \\"fee_asset\\", \\"t\\".\\"attachment\\" as \\"attachment\\" from (select \\"t\\".\\"tx_uid\\" as \\"tx_uid\\", \\"t\\".\\"height\\" as \\"height\\", \\"t\\".\\"asset_uid\\" as \\"asset_uid\\", \\"t\\".\\"attachment\\" as \\"attachment\\", \\"t\\".\\"sender\\" as \\"sender\\", \\"t\\".\\"sender_public_key\\" as \\"sender_public_key\\", \\"t\\".\\"amount\\" as \\"amount\\", \\"t\\".\\"recipient_address\\" as \\"recipient_address\\", \\"t\\".\\"recipient_alias\\" as \\"recipient_alias\\", \\"t\\".\\"fee_asset_uid\\" as \\"fee_asset_uid\\" from \\"txs_4\\" as \\"t\\" where \\"asset_uid\\" = (select \\"uid\\" from \\"assets_data\\" where \\"asset_id\\" = 'someAssetID' limit 1) and \\"recipient_address\\" = 'recipient') as \\"t\\" left join \\"txs\\" on \\"txs\\".\\"uid\\" = \\"t\\".\\"tx_uid\\" left join \\"assets_data\\" as \\"a\\" on \\"a\\".\\"uid\\" = \\"t\\".\\"asset_uid\\" left join \\"assets_data\\" as \\"fa\\" on \\"fa\\".\\"uid\\" = \\"t\\".\\"fee_asset_uid\\" order by \\"t\\".\\"tx_uid\\" asc"`;
