// Jest Snapshot v1, https://goo.gl/fbAQLP

exports[`Assets SQL queries tests should build correct get sql query 1`] = `"select \\"a\\".\\"asset_id\\" as \\"asset_id\\", \\"a\\".\\"asset_name\\" as \\"asset_name\\", \\"a\\".\\"description\\" as \\"description\\", \\"a\\".\\"total_quantity\\" as \\"total_quantity\\", \\"a\\".\\"decimals\\" as \\"decimals\\", \\"a\\".\\"reissuable\\" as \\"reissuable\\", \\"a\\".\\"ticker\\" as \\"ticker\\", \\"a\\".\\"issue_timestamp\\" as \\"issue_timestamp\\", \\"a\\".\\"issue_height\\" as \\"issue_height\\", \\"a\\".\\"has_script\\" as \\"has_script\\", \\"a\\".\\"min_sponsored_asset_fee\\" as \\"min_sponsored_asset_fee\\", a.issue_height as \\"issue_height\\", a.sender as \\"sender\\" from \\"assets\\" as \\"a\\" where \\"asset_id\\" in ('123')"`;

exports[`Assets SQL queries tests should build correct mget sql query 1`] = `"select \\"a\\".\\"asset_id\\" as \\"asset_id\\", \\"a\\".\\"asset_name\\" as \\"asset_name\\", \\"a\\".\\"description\\" as \\"description\\", \\"a\\".\\"total_quantity\\" as \\"total_quantity\\", \\"a\\".\\"decimals\\" as \\"decimals\\", \\"a\\".\\"reissuable\\" as \\"reissuable\\", \\"a\\".\\"ticker\\" as \\"ticker\\", \\"a\\".\\"issue_timestamp\\" as \\"issue_timestamp\\", \\"a\\".\\"issue_height\\" as \\"issue_height\\", \\"a\\".\\"has_script\\" as \\"has_script\\", \\"a\\".\\"min_sponsored_asset_fee\\" as \\"min_sponsored_asset_fee\\", a.issue_height as \\"issue_height\\", a.sender as \\"sender\\" from \\"assets\\" as \\"a\\" where \\"asset_id\\" in ('1', '2', '3')"`;

exports[`Assets SQL queries tests should build correct search sql query 1`] = `"select \\"a\\".\\"asset_id\\" as \\"asset_id\\", \\"a\\".\\"asset_name\\" as \\"asset_name\\", \\"a\\".\\"description\\" as \\"description\\", \\"a\\".\\"total_quantity\\" as \\"total_quantity\\", \\"a\\".\\"decimals\\" as \\"decimals\\", \\"a\\".\\"reissuable\\" as \\"reissuable\\", \\"a\\".\\"ticker\\" as \\"ticker\\", \\"a\\".\\"issue_timestamp\\" as \\"issue_timestamp\\", \\"a\\".\\"issue_height\\" as \\"issue_height\\", \\"a\\".\\"has_script\\" as \\"has_script\\", \\"a\\".\\"min_sponsored_asset_fee\\" as \\"min_sponsored_asset_fee\\", a.issue_height as \\"issue_height\\", a.sender as \\"sender\\" from \\"assets\\" as \\"a\\" where \\"ticker\\" is not null"`;

exports[`Assets SQL queries tests should build correct search sql query 2`] = `"select \\"a\\".\\"asset_id\\" as \\"asset_id\\", \\"a\\".\\"asset_name\\" as \\"asset_name\\", \\"a\\".\\"description\\" as \\"description\\", \\"a\\".\\"total_quantity\\" as \\"total_quantity\\", \\"a\\".\\"decimals\\" as \\"decimals\\", \\"a\\".\\"reissuable\\" as \\"reissuable\\", \\"a\\".\\"ticker\\" as \\"ticker\\", \\"a\\".\\"issue_timestamp\\" as \\"issue_timestamp\\", \\"a\\".\\"issue_height\\" as \\"issue_height\\", \\"a\\".\\"has_script\\" as \\"has_script\\", \\"a\\".\\"min_sponsored_asset_fee\\" as \\"min_sponsored_asset_fee\\", a.issue_height as \\"issue_height\\", a.sender as \\"sender\\" from \\"assets\\" as \\"a\\" where \\"ticker\\" = 'BTC'"`;

exports[`Assets SQL queries tests should build correct search sql query 3`] = `"with \\"assets_cte\\" as (select distinct on (\\"r\\".\\"asset_id\\") \\"r\\".\\"asset_id\\", \\"r\\".\\"ticker\\", \\"r\\".\\"asset_name\\", row_number() over (order by r.rank desc, r.height asc, r.asset_id asc) as \\"rn\\" from (select \\"a\\".\\"asset_id\\" as \\"asset_id\\", \\"a\\".\\"asset_name\\" as \\"asset_name\\", \\"a\\".\\"ticker\\" as \\"ticker\\", \\"a\\".\\"issue_height\\" as \\"height\\", ts_rank(to_tsvector('simple', a.asset_id), plainto_tsquery('WAVES'), 3) * case when a.ticker is null then 128 else 256 end as \\"rank\\" from \\"assets\\" as \\"a\\" where \\"a\\".\\"asset_id\\" ilike 'WAVES' union all select \\"asset_id\\", \\"asset_name\\", \\"ticker\\", \\"height\\", ts_rank(to_tsvector('simple', asset_name), plainto_tsquery('WAVES'), 3) * case when ticker is null then 64 else 128 end as \\"rank\\" from \\"assets_metadata\\" where \\"asset_name\\" ilike 'WAVES%' union all select \\"a\\".\\"asset_id\\" as \\"asset_id\\", \\"a\\".\\"asset_name\\" as \\"asset_name\\", \\"a\\".\\"ticker\\" as \\"ticker\\", \\"a\\".\\"issue_height\\" as \\"height\\", 32 as \\"rank\\" from \\"assets\\" as \\"a\\" where \\"a\\".\\"ticker\\" ilike 'WAVES%' union all select \\"a\\".\\"asset_id\\" as \\"asset_id\\", \\"a\\".\\"asset_name\\" as \\"asset_name\\", \\"a\\".\\"ticker\\" as \\"ticker\\", \\"a\\".\\"issue_height\\" as \\"height\\", ts_rank(to_tsvector('simple', a.asset_name), plainto_tsquery('WAVES'), 3) * case when a.ticker is null then 16 else 32 end as \\"rank\\" from \\"assets\\" as \\"a\\" where \\"a\\".\\"asset_name\\" ilike 'WAVES%' or to_tsvector('simple', a.asset_name) @@ to_tsquery('WAVES:*')) as \\"r\\" order by \\"r\\".\\"asset_id\\" asc, \\"r\\".\\"rank\\" desc) select \\"a\\".\\"asset_id\\" as \\"asset_id\\", \\"a\\".\\"asset_name\\" as \\"asset_name\\", \\"a\\".\\"description\\" as \\"description\\", \\"a\\".\\"total_quantity\\" as \\"total_quantity\\", \\"a\\".\\"decimals\\" as \\"decimals\\", \\"a\\".\\"reissuable\\" as \\"reissuable\\", \\"a\\".\\"ticker\\" as \\"ticker\\", \\"a\\".\\"issue_timestamp\\" as \\"issue_timestamp\\", \\"a\\".\\"issue_height\\" as \\"issue_height\\", \\"a\\".\\"has_script\\" as \\"has_script\\", \\"a\\".\\"min_sponsored_asset_fee\\" as \\"min_sponsored_asset_fee\\", a.issue_height as \\"issue_height\\", a.sender as \\"sender\\" from \\"assets_cte\\" inner join \\"assets\\" as \\"a\\" on \\"assets_cte\\".\\"asset_id\\" = \\"a\\".\\"id\\" order by \\"rn\\" asc"`;

exports[`Assets SQL queries tests should build correct search sql query 4`] = `"with \\"assets_cte\\" as (select distinct on (\\"r\\".\\"asset_id\\") \\"r\\".\\"asset_id\\", \\"r\\".\\"ticker\\", \\"r\\".\\"asset_name\\", row_number() over (order by r.rank desc, r.height asc, r.asset_id asc) as \\"rn\\" from (select \\"a\\".\\"asset_id\\" as \\"asset_id\\", \\"a\\".\\"asset_name\\" as \\"asset_name\\", \\"a\\".\\"ticker\\" as \\"ticker\\", \\"a\\".\\"issue_height\\" as \\"height\\", ts_rank(to_tsvector('simple', a.asset_id), plainto_tsquery('bitcoin cas'), 3) * case when a.ticker is null then 128 else 256 end as \\"rank\\" from \\"assets\\" as \\"a\\" where \\"a\\".\\"asset_id\\" ilike 'bitcoin cas' union all select \\"asset_id\\", \\"asset_name\\", \\"ticker\\", \\"height\\", ts_rank(to_tsvector('simple', asset_name), plainto_tsquery('bitcoin cas'), 3) * case when ticker is null then 64 else 128 end as \\"rank\\" from \\"assets_metadata\\" where \\"asset_name\\" ilike 'bitcoin cas%' union all select \\"a\\".\\"asset_id\\" as \\"asset_id\\", \\"a\\".\\"asset_name\\" as \\"asset_name\\", \\"a\\".\\"ticker\\" as \\"ticker\\", \\"a\\".\\"issue_height\\" as \\"height\\", 32 as \\"rank\\" from \\"assets\\" as \\"a\\" where \\"a\\".\\"ticker\\" ilike 'bitcoin cas%' union all select \\"a\\".\\"asset_id\\" as \\"asset_id\\", \\"a\\".\\"asset_name\\" as \\"asset_name\\", \\"a\\".\\"ticker\\" as \\"ticker\\", \\"a\\".\\"issue_height\\" as \\"height\\", ts_rank(to_tsvector('simple', a.asset_name), plainto_tsquery('bitcoin cas'), 3) * case when a.ticker is null then 16 else 32 end as \\"rank\\" from \\"assets\\" as \\"a\\" where \\"a\\".\\"asset_name\\" ilike 'bitcoin cas%' or to_tsvector('simple', a.asset_name) @@ to_tsquery('bitcoin & cas:*')) as \\"r\\" order by \\"r\\".\\"asset_id\\" asc, \\"r\\".\\"rank\\" desc) select \\"a\\".\\"asset_id\\" as \\"asset_id\\", \\"a\\".\\"asset_name\\" as \\"asset_name\\", \\"a\\".\\"description\\" as \\"description\\", \\"a\\".\\"total_quantity\\" as \\"total_quantity\\", \\"a\\".\\"decimals\\" as \\"decimals\\", \\"a\\".\\"reissuable\\" as \\"reissuable\\", \\"a\\".\\"ticker\\" as \\"ticker\\", \\"a\\".\\"issue_timestamp\\" as \\"issue_timestamp\\", \\"a\\".\\"issue_height\\" as \\"issue_height\\", \\"a\\".\\"has_script\\" as \\"has_script\\", \\"a\\".\\"min_sponsored_asset_fee\\" as \\"min_sponsored_asset_fee\\", a.issue_height as \\"issue_height\\", a.sender as \\"sender\\" from \\"assets_cte\\" inner join \\"assets\\" as \\"a\\" on \\"assets_cte\\".\\"asset_id\\" = \\"a\\".\\"id\\" order by \\"rn\\" asc"`;

exports[`Assets SQL queries tests should build correct search sql query 5`] = `"with \\"assets_cte\\" as (select distinct on (\\"r\\".\\"asset_id\\") \\"r\\".\\"asset_id\\", \\"r\\".\\"ticker\\", \\"r\\".\\"asset_name\\", row_number() over (order by r.rank desc, r.height asc, r.asset_id asc) as \\"rn\\" from (select \\"a\\".\\"asset_id\\" as \\"asset_id\\", \\"a\\".\\"asset_name\\" as \\"asset_name\\", \\"a\\".\\"ticker\\" as \\"ticker\\", \\"a\\".\\"issue_height\\" as \\"height\\", ts_rank(to_tsvector('simple', a.asset_id), plainto_tsquery('BIT'), 3) * case when a.ticker is null then 128 else 256 end as \\"rank\\" from \\"assets\\" as \\"a\\" where \\"a\\".\\"asset_id\\" ilike 'BIT' union all select \\"asset_id\\", \\"asset_name\\", \\"ticker\\", \\"height\\", ts_rank(to_tsvector('simple', asset_name), plainto_tsquery('BIT'), 3) * case when ticker is null then 64 else 128 end as \\"rank\\" from \\"assets_metadata\\" where \\"asset_name\\" ilike 'BIT%' union all select \\"a\\".\\"asset_id\\" as \\"asset_id\\", \\"a\\".\\"asset_name\\" as \\"asset_name\\", \\"a\\".\\"ticker\\" as \\"ticker\\", \\"a\\".\\"issue_height\\" as \\"height\\", 32 as \\"rank\\" from \\"assets\\" as \\"a\\" where \\"a\\".\\"ticker\\" ilike 'BIT%' union all select \\"a\\".\\"asset_id\\" as \\"asset_id\\", \\"a\\".\\"asset_name\\" as \\"asset_name\\", \\"a\\".\\"ticker\\" as \\"ticker\\", \\"a\\".\\"issue_height\\" as \\"height\\", ts_rank(to_tsvector('simple', a.asset_name), plainto_tsquery('BIT'), 3) * case when a.ticker is null then 16 else 32 end as \\"rank\\" from \\"assets\\" as \\"a\\" where \\"a\\".\\"asset_name\\" ilike 'BIT%' or to_tsvector('simple', a.asset_name) @@ to_tsquery('BIT:*')) as \\"r\\" order by \\"r\\".\\"asset_id\\" asc, \\"r\\".\\"rank\\" desc) select \\"a\\".\\"asset_id\\" as \\"asset_id\\", \\"a\\".\\"asset_name\\" as \\"asset_name\\", \\"a\\".\\"description\\" as \\"description\\", \\"a\\".\\"total_quantity\\" as \\"total_quantity\\", \\"a\\".\\"decimals\\" as \\"decimals\\", \\"a\\".\\"reissuable\\" as \\"reissuable\\", \\"a\\".\\"ticker\\" as \\"ticker\\", \\"a\\".\\"issue_timestamp\\" as \\"issue_timestamp\\", \\"a\\".\\"issue_height\\" as \\"issue_height\\", \\"a\\".\\"has_script\\" as \\"has_script\\", \\"a\\".\\"min_sponsored_asset_fee\\" as \\"min_sponsored_asset_fee\\", a.issue_height as \\"issue_height\\", a.sender as \\"sender\\" from \\"assets_cte\\" inner join \\"assets\\" as \\"a\\" on \\"assets_cte\\".\\"asset_id\\" = \\"a\\".\\"id\\" where \\"rn\\" > (select \\"rn\\" from \\"assets_cte\\" where \\"asset_id\\" = 'FiKAykpjAFkiukke7ZpVX511HHumPZYKyu6GXokPEkcT') order by \\"rn\\" asc limit 3"`;
