// Jest Snapshot v1, https://goo.gl/fbAQLP

exports[`Sql search by type-specific filters supports recipient filter 1`] = `"select \\"t\\".\\"uid\\" as \\"uid\\", \\"t\\".\\"height\\" as \\"height\\", \\"t\\".\\"tx_type\\" as \\"tx_type\\", \\"t\\".\\"id\\" as \\"id\\", \\"t\\".\\"time_stamp\\" as \\"time_stamp\\", \\"t\\".\\"signature\\" as \\"signature\\", \\"t\\".\\"proofs\\" as \\"proofs\\", \\"t\\".\\"tx_version\\" as \\"tx_version\\", \\"t\\".\\"fee\\" as \\"fee\\", \\"t\\".\\"status\\" as \\"status\\", \\"t\\".\\"sender\\" as \\"sender\\", \\"t\\".\\"sender_public_key\\" as \\"sender_public_key\\", \\"t\\".\\"amount\\" as \\"amount\\", coalesce(t.recipient_alias, t.recipient_address) as \\"recipient\\" from \\"txs_8\\" as \\"t\\" where recipient_address = coalesce((select sender from txs_10 where alias = 'recipient' limit 1), 'recipient') order by \\"t\\".\\"uid\\" asc"`;
