// Jest Snapshot v1, https://goo.gl/fbAQLP

exports[`transactions.data api method get matches snapshot 1`] = `"select \\"t\\".\\"tx_uid\\" as \\"tx_uid\\", \\"txs\\".\\"tx_type\\" as \\"tx_type\\", \\"txs\\".\\"tx_version\\" as \\"tx_version\\", \\"t\\".\\"height\\" as \\"height\\", \\"t\\".\\"position_in_block\\" as \\"position_in_block\\", \\"txs\\".\\"id\\" as \\"id\\", \\"txs\\".\\"signature\\" as \\"signature\\", \\"txs\\".\\"time_stamp\\" as \\"time_stamp\\", \\"txs\\".\\"proofs\\" as \\"proofs\\", \\"addr\\".\\"address\\" as \\"sender\\", \\"addr\\".\\"public_key\\" as \\"sender_public_key\\", \\"td\\".\\"data_key\\" as \\"data_key\\", \\"td\\".\\"data_type\\" as \\"data_type\\", \\"td\\".\\"data_value_integer\\" as \\"data_value_integer\\", \\"td\\".\\"data_value_boolean\\" as \\"data_value_boolean\\", \\"td\\".\\"data_value_string\\" as \\"data_value_string\\", \\"td\\".\\"data_value_binary\\" as \\"data_value_binary\\", \\"td\\".\\"position_in_tx\\" as \\"position_in_tx\\", fee * 10^(-8) as \\"fee\\" from \\"txs_12\\" as \\"t\\" left join \\"txs\\" as \\"txs\\" on \\"txs\\".\\"uid\\" = \\"t\\".\\"tx_uid\\" left join \\"addresses\\" as \\"addr\\" on \\"addr\\".\\"uid\\" = \\"t\\".\\"sender_uid\\" left join \\"txs_12_data\\" as \\"td\\" on \\"td\\".\\"tx_uid\\" = \\"t\\".\\"tx_uid\\" where \\"t\\".\\"tx_uid\\" in (select \\"t\\".\\"tx_uid\\" from \\"txs_12\\" as \\"t\\" where \\"t\\".\\"id\\" = '2jnH9e2KvEEAiWKHgwocD9arjK3AvBz6DbqwK8GUHdXA' limit 1)"`;

exports[`transactions.data api method mget matches snapshot 1`] = `"select \\"t\\".\\"tx_uid\\" as \\"tx_uid\\", \\"txs\\".\\"tx_type\\" as \\"tx_type\\", \\"txs\\".\\"tx_version\\" as \\"tx_version\\", \\"t\\".\\"height\\" as \\"height\\", \\"t\\".\\"position_in_block\\" as \\"position_in_block\\", \\"txs\\".\\"id\\" as \\"id\\", \\"txs\\".\\"signature\\" as \\"signature\\", \\"txs\\".\\"time_stamp\\" as \\"time_stamp\\", \\"txs\\".\\"proofs\\" as \\"proofs\\", \\"addr\\".\\"address\\" as \\"sender\\", \\"addr\\".\\"public_key\\" as \\"sender_public_key\\", \\"td\\".\\"data_key\\" as \\"data_key\\", \\"td\\".\\"data_type\\" as \\"data_type\\", \\"td\\".\\"data_value_integer\\" as \\"data_value_integer\\", \\"td\\".\\"data_value_boolean\\" as \\"data_value_boolean\\", \\"td\\".\\"data_value_string\\" as \\"data_value_string\\", \\"td\\".\\"data_value_binary\\" as \\"data_value_binary\\", \\"td\\".\\"position_in_tx\\" as \\"position_in_tx\\", fee * 10^(-8) as \\"fee\\" from \\"txs_12\\" as \\"t\\" left join \\"txs\\" as \\"txs\\" on \\"txs\\".\\"uid\\" = \\"t\\".\\"tx_uid\\" left join \\"addresses\\" as \\"addr\\" on \\"addr\\".\\"uid\\" = \\"t\\".\\"sender_uid\\" left join \\"txs_12_data\\" as \\"td\\" on \\"td\\".\\"tx_uid\\" = \\"t\\".\\"tx_uid\\" where \\"t\\".\\"tx_uid\\" in (select \\"t\\".\\"tx_uid\\" from \\"txs_12\\" as \\"t\\" where \\"t\\".\\"id\\" in ('id1', 'id2') order by \\"t\\".\\"height\\" desc, \\"t\\".\\"position_in_block\\" desc limit 2)"`;

exports[`transactions.data api method search matches snapshots with after 1`] = `"select \\"t\\".\\"tx_uid\\" as \\"tx_uid\\", \\"txs\\".\\"tx_type\\" as \\"tx_type\\", \\"txs\\".\\"tx_version\\" as \\"tx_version\\", \\"t\\".\\"height\\" as \\"height\\", \\"t\\".\\"position_in_block\\" as \\"position_in_block\\", \\"txs\\".\\"id\\" as \\"id\\", \\"txs\\".\\"signature\\" as \\"signature\\", \\"txs\\".\\"time_stamp\\" as \\"time_stamp\\", \\"txs\\".\\"proofs\\" as \\"proofs\\", \\"addr\\".\\"address\\" as \\"sender\\", \\"addr\\".\\"public_key\\" as \\"sender_public_key\\", \\"td\\".\\"data_key\\" as \\"data_key\\", \\"td\\".\\"data_type\\" as \\"data_type\\", \\"td\\".\\"data_value_integer\\" as \\"data_value_integer\\", \\"td\\".\\"data_value_boolean\\" as \\"data_value_boolean\\", \\"td\\".\\"data_value_string\\" as \\"data_value_string\\", \\"td\\".\\"data_value_binary\\" as \\"data_value_binary\\", \\"td\\".\\"position_in_tx\\" as \\"position_in_tx\\", fee * 10^(-8) as \\"fee\\" from \\"txs_12\\" as \\"t\\" left join \\"txs\\" as \\"txs\\" on \\"txs\\".\\"uid\\" = \\"t\\".\\"tx_uid\\" left join \\"addresses\\" as \\"addr\\" on \\"addr\\".\\"uid\\" = \\"t\\".\\"sender_uid\\" left join \\"txs_12_data\\" as \\"td\\" on \\"td\\".\\"tx_uid\\" = \\"t\\".\\"tx_uid\\" where \\"t\\".\\"tx_uid\\" in (with \\"hp_cte\\" as (select \\"height\\", \\"position_in_block\\" from \\"txs\\" where \\"time_stamp\\" > '2018-01-01 03:00:00.000' order by \\"height\\" asc, \\"position_in_block\\" asc limit 1), \\"hp_cte\\" as (select \\"height\\", \\"position_in_block\\" from \\"txs\\" where \\"time_stamp\\" < '2018-01-02 03:00:00.000' order by \\"height\\" desc, \\"position_in_block\\" desc limit 1) select \\"t\\".\\"tx_uid\\" from \\"txs_12\\" as \\"t\\" where \\"height\\" > (select \\"height\\" from \\"hp_cte\\") or (\\"height\\" = (select \\"height\\" from \\"hp_cte\\") and \\"position_in_block\\" > (select \\"position_in_block\\" from \\"hp_cte\\")) and \\"height\\" < (select \\"height\\" from \\"hp_cte\\") or (\\"height\\" = (select \\"height\\" from \\"hp_cte\\") and \\"position_in_block\\" < (select \\"position_in_block\\" from \\"hp_cte\\")) and \\"height\\" > 20000000 or (\\"height\\" = 20000000 and \\"position_in_block\\" > 0)) order by \\"t\\".\\"height\\" asc, \\"t\\".\\"position_in_block\\" asc"`;

exports[`transactions.data api method search matches snapshots with key filter 1`] = `"select \\"t\\".\\"tx_uid\\" as \\"tx_uid\\", \\"txs\\".\\"tx_type\\" as \\"tx_type\\", \\"txs\\".\\"tx_version\\" as \\"tx_version\\", \\"t\\".\\"height\\" as \\"height\\", \\"t\\".\\"position_in_block\\" as \\"position_in_block\\", \\"txs\\".\\"id\\" as \\"id\\", \\"txs\\".\\"signature\\" as \\"signature\\", \\"txs\\".\\"time_stamp\\" as \\"time_stamp\\", \\"txs\\".\\"proofs\\" as \\"proofs\\", \\"addr\\".\\"address\\" as \\"sender\\", \\"addr\\".\\"public_key\\" as \\"sender_public_key\\", \\"td\\".\\"data_key\\" as \\"data_key\\", \\"td\\".\\"data_type\\" as \\"data_type\\", \\"td\\".\\"data_value_integer\\" as \\"data_value_integer\\", \\"td\\".\\"data_value_boolean\\" as \\"data_value_boolean\\", \\"td\\".\\"data_value_string\\" as \\"data_value_string\\", \\"td\\".\\"data_value_binary\\" as \\"data_value_binary\\", \\"td\\".\\"position_in_tx\\" as \\"position_in_tx\\", fee * 10^(-8) as \\"fee\\" from \\"txs_12\\" as \\"t\\" left join \\"txs\\" as \\"txs\\" on \\"txs\\".\\"uid\\" = \\"t\\".\\"tx_uid\\" left join \\"addresses\\" as \\"addr\\" on \\"addr\\".\\"uid\\" = \\"t\\".\\"sender_uid\\" left join \\"txs_12_data\\" as \\"td\\" on \\"td\\".\\"tx_uid\\" = \\"t\\".\\"tx_uid\\" where \\"t\\".\\"tx_uid\\" in (with \\"hp_cte\\" as (select \\"height\\", \\"position_in_block\\" from \\"txs\\" where \\"time_stamp\\" > '2018-01-01 03:00:00.000' order by \\"height\\" asc, \\"position_in_block\\" asc limit 1), \\"hp_cte\\" as (select \\"height\\", \\"position_in_block\\" from \\"txs\\" where \\"time_stamp\\" < '2018-01-02 03:00:00.000' order by \\"height\\" desc, \\"position_in_block\\" desc limit 1) select \\"t\\".\\"tx_uid\\" from \\"txs_12\\" as \\"t\\" where \\"height\\" > (select \\"height\\" from \\"hp_cte\\") or (\\"height\\" = (select \\"height\\" from \\"hp_cte\\") and \\"position_in_block\\" > (select \\"position_in_block\\" from \\"hp_cte\\")) and \\"height\\" < (select \\"height\\" from \\"hp_cte\\") or (\\"height\\" = (select \\"height\\" from \\"hp_cte\\") and \\"position_in_block\\" < (select \\"position_in_block\\" from \\"hp_cte\\")) and \\"t\\".\\"tx_uid\\" in (select \\"tx_uid\\" from \\"txs_12_data\\" where \\"data_key\\" = 'testboolF')) order by \\"t\\".\\"height\\" asc, \\"t\\".\\"position_in_block\\" asc"`;

exports[`transactions.data api method search matches snapshots with limit 1`] = `"select \\"t\\".\\"tx_uid\\" as \\"tx_uid\\", \\"txs\\".\\"tx_type\\" as \\"tx_type\\", \\"txs\\".\\"tx_version\\" as \\"tx_version\\", \\"t\\".\\"height\\" as \\"height\\", \\"t\\".\\"position_in_block\\" as \\"position_in_block\\", \\"txs\\".\\"id\\" as \\"id\\", \\"txs\\".\\"signature\\" as \\"signature\\", \\"txs\\".\\"time_stamp\\" as \\"time_stamp\\", \\"txs\\".\\"proofs\\" as \\"proofs\\", \\"addr\\".\\"address\\" as \\"sender\\", \\"addr\\".\\"public_key\\" as \\"sender_public_key\\", \\"td\\".\\"data_key\\" as \\"data_key\\", \\"td\\".\\"data_type\\" as \\"data_type\\", \\"td\\".\\"data_value_integer\\" as \\"data_value_integer\\", \\"td\\".\\"data_value_boolean\\" as \\"data_value_boolean\\", \\"td\\".\\"data_value_string\\" as \\"data_value_string\\", \\"td\\".\\"data_value_binary\\" as \\"data_value_binary\\", \\"td\\".\\"position_in_tx\\" as \\"position_in_tx\\", fee * 10^(-8) as \\"fee\\" from \\"txs_12\\" as \\"t\\" left join \\"txs\\" as \\"txs\\" on \\"txs\\".\\"uid\\" = \\"t\\".\\"tx_uid\\" left join \\"addresses\\" as \\"addr\\" on \\"addr\\".\\"uid\\" = \\"t\\".\\"sender_uid\\" left join \\"txs_12_data\\" as \\"td\\" on \\"td\\".\\"tx_uid\\" = \\"t\\".\\"tx_uid\\" where \\"t\\".\\"tx_uid\\" in (with \\"hp_cte\\" as (select \\"height\\", \\"position_in_block\\" from \\"txs\\" where \\"time_stamp\\" > '2018-01-01 03:00:00.000' order by \\"height\\" asc, \\"position_in_block\\" asc limit 1), \\"hp_cte\\" as (select \\"height\\", \\"position_in_block\\" from \\"txs\\" where \\"time_stamp\\" < '2018-01-02 03:00:00.000' order by \\"height\\" desc, \\"position_in_block\\" desc limit 1) select \\"t\\".\\"tx_uid\\" from \\"txs_12\\" as \\"t\\" where \\"height\\" > (select \\"height\\" from \\"hp_cte\\") or (\\"height\\" = (select \\"height\\" from \\"hp_cte\\") and \\"position_in_block\\" > (select \\"position_in_block\\" from \\"hp_cte\\")) and \\"height\\" < (select \\"height\\" from \\"hp_cte\\") or (\\"height\\" = (select \\"height\\" from \\"hp_cte\\") and \\"position_in_block\\" < (select \\"position_in_block\\" from \\"hp_cte\\")) limit 11) order by \\"t\\".\\"height\\" asc, \\"t\\".\\"position_in_block\\" asc"`;

exports[`transactions.data api method search matches snapshots with no params 1`] = `"select \\"t\\".\\"tx_uid\\" as \\"tx_uid\\", \\"txs\\".\\"tx_type\\" as \\"tx_type\\", \\"txs\\".\\"tx_version\\" as \\"tx_version\\", \\"t\\".\\"height\\" as \\"height\\", \\"t\\".\\"position_in_block\\" as \\"position_in_block\\", \\"txs\\".\\"id\\" as \\"id\\", \\"txs\\".\\"signature\\" as \\"signature\\", \\"txs\\".\\"time_stamp\\" as \\"time_stamp\\", \\"txs\\".\\"proofs\\" as \\"proofs\\", \\"addr\\".\\"address\\" as \\"sender\\", \\"addr\\".\\"public_key\\" as \\"sender_public_key\\", \\"td\\".\\"data_key\\" as \\"data_key\\", \\"td\\".\\"data_type\\" as \\"data_type\\", \\"td\\".\\"data_value_integer\\" as \\"data_value_integer\\", \\"td\\".\\"data_value_boolean\\" as \\"data_value_boolean\\", \\"td\\".\\"data_value_string\\" as \\"data_value_string\\", \\"td\\".\\"data_value_binary\\" as \\"data_value_binary\\", \\"td\\".\\"position_in_tx\\" as \\"position_in_tx\\", fee * 10^(-8) as \\"fee\\" from \\"txs_12\\" as \\"t\\" left join \\"txs\\" as \\"txs\\" on \\"txs\\".\\"uid\\" = \\"t\\".\\"tx_uid\\" left join \\"addresses\\" as \\"addr\\" on \\"addr\\".\\"uid\\" = \\"t\\".\\"sender_uid\\" left join \\"txs_12_data\\" as \\"td\\" on \\"td\\".\\"tx_uid\\" = \\"t\\".\\"tx_uid\\" where \\"t\\".\\"tx_uid\\" in (select \\"t\\".\\"tx_uid\\" from \\"txs_12\\" as \\"t\\") order by \\"t\\".\\"height\\" asc, \\"t\\".\\"position_in_block\\" asc"`;

exports[`transactions.data api method search matches snapshots with sort desc 1`] = `"select \\"t\\".\\"tx_uid\\" as \\"tx_uid\\", \\"txs\\".\\"tx_type\\" as \\"tx_type\\", \\"txs\\".\\"tx_version\\" as \\"tx_version\\", \\"t\\".\\"height\\" as \\"height\\", \\"t\\".\\"position_in_block\\" as \\"position_in_block\\", \\"txs\\".\\"id\\" as \\"id\\", \\"txs\\".\\"signature\\" as \\"signature\\", \\"txs\\".\\"time_stamp\\" as \\"time_stamp\\", \\"txs\\".\\"proofs\\" as \\"proofs\\", \\"addr\\".\\"address\\" as \\"sender\\", \\"addr\\".\\"public_key\\" as \\"sender_public_key\\", \\"td\\".\\"data_key\\" as \\"data_key\\", \\"td\\".\\"data_type\\" as \\"data_type\\", \\"td\\".\\"data_value_integer\\" as \\"data_value_integer\\", \\"td\\".\\"data_value_boolean\\" as \\"data_value_boolean\\", \\"td\\".\\"data_value_string\\" as \\"data_value_string\\", \\"td\\".\\"data_value_binary\\" as \\"data_value_binary\\", \\"td\\".\\"position_in_tx\\" as \\"position_in_tx\\", fee * 10^(-8) as \\"fee\\" from \\"txs_12\\" as \\"t\\" left join \\"txs\\" as \\"txs\\" on \\"txs\\".\\"uid\\" = \\"t\\".\\"tx_uid\\" left join \\"addresses\\" as \\"addr\\" on \\"addr\\".\\"uid\\" = \\"t\\".\\"sender_uid\\" left join \\"txs_12_data\\" as \\"td\\" on \\"td\\".\\"tx_uid\\" = \\"t\\".\\"tx_uid\\" where \\"t\\".\\"tx_uid\\" in (with \\"hp_cte\\" as (select \\"height\\", \\"position_in_block\\" from \\"txs\\" where \\"time_stamp\\" > '2018-01-01 03:00:00.000' order by \\"height\\" asc, \\"position_in_block\\" asc limit 1), \\"hp_cte\\" as (select \\"height\\", \\"position_in_block\\" from \\"txs\\" where \\"time_stamp\\" < '2018-01-02 03:00:00.000' order by \\"height\\" desc, \\"position_in_block\\" desc limit 1) select \\"t\\".\\"tx_uid\\" from \\"txs_12\\" as \\"t\\" where \\"height\\" > (select \\"height\\" from \\"hp_cte\\") or (\\"height\\" = (select \\"height\\" from \\"hp_cte\\") and \\"position_in_block\\" > (select \\"position_in_block\\" from \\"hp_cte\\")) and \\"height\\" < (select \\"height\\" from \\"hp_cte\\") or (\\"height\\" = (select \\"height\\" from \\"hp_cte\\") and \\"position_in_block\\" < (select \\"position_in_block\\" from \\"hp_cte\\")) order by \\"t\\".\\"height\\" desc, \\"t\\".\\"position_in_block\\" desc) order by \\"t\\".\\"height\\" desc, \\"t\\".\\"position_in_block\\" desc"`;

exports[`transactions.data api method search matches snapshots with timeEnd filter 1`] = `"select \\"t\\".\\"tx_uid\\" as \\"tx_uid\\", \\"txs\\".\\"tx_type\\" as \\"tx_type\\", \\"txs\\".\\"tx_version\\" as \\"tx_version\\", \\"t\\".\\"height\\" as \\"height\\", \\"t\\".\\"position_in_block\\" as \\"position_in_block\\", \\"txs\\".\\"id\\" as \\"id\\", \\"txs\\".\\"signature\\" as \\"signature\\", \\"txs\\".\\"time_stamp\\" as \\"time_stamp\\", \\"txs\\".\\"proofs\\" as \\"proofs\\", \\"addr\\".\\"address\\" as \\"sender\\", \\"addr\\".\\"public_key\\" as \\"sender_public_key\\", \\"td\\".\\"data_key\\" as \\"data_key\\", \\"td\\".\\"data_type\\" as \\"data_type\\", \\"td\\".\\"data_value_integer\\" as \\"data_value_integer\\", \\"td\\".\\"data_value_boolean\\" as \\"data_value_boolean\\", \\"td\\".\\"data_value_string\\" as \\"data_value_string\\", \\"td\\".\\"data_value_binary\\" as \\"data_value_binary\\", \\"td\\".\\"position_in_tx\\" as \\"position_in_tx\\", fee * 10^(-8) as \\"fee\\" from \\"txs_12\\" as \\"t\\" left join \\"txs\\" as \\"txs\\" on \\"txs\\".\\"uid\\" = \\"t\\".\\"tx_uid\\" left join \\"addresses\\" as \\"addr\\" on \\"addr\\".\\"uid\\" = \\"t\\".\\"sender_uid\\" left join \\"txs_12_data\\" as \\"td\\" on \\"td\\".\\"tx_uid\\" = \\"t\\".\\"tx_uid\\" where \\"t\\".\\"tx_uid\\" in (with \\"hp_cte\\" as (select \\"height\\", \\"position_in_block\\" from \\"txs\\" where \\"time_stamp\\" > '2018-01-01 03:00:00.000' order by \\"height\\" asc, \\"position_in_block\\" asc limit 1), \\"hp_cte\\" as (select \\"height\\", \\"position_in_block\\" from \\"txs\\" where \\"time_stamp\\" < '2018-01-02 03:00:00.000' order by \\"height\\" desc, \\"position_in_block\\" desc limit 1) select \\"t\\".\\"tx_uid\\" from \\"txs_12\\" as \\"t\\" where \\"height\\" > (select \\"height\\" from \\"hp_cte\\") or (\\"height\\" = (select \\"height\\" from \\"hp_cte\\") and \\"position_in_block\\" > (select \\"position_in_block\\" from \\"hp_cte\\")) and \\"height\\" < (select \\"height\\" from \\"hp_cte\\") or (\\"height\\" = (select \\"height\\" from \\"hp_cte\\") and \\"position_in_block\\" < (select \\"position_in_block\\" from \\"hp_cte\\"))) order by \\"t\\".\\"height\\" asc, \\"t\\".\\"position_in_block\\" asc"`;

exports[`transactions.data api method search matches snapshots with timeStart filter 1`] = `"select \\"t\\".\\"tx_uid\\" as \\"tx_uid\\", \\"txs\\".\\"tx_type\\" as \\"tx_type\\", \\"txs\\".\\"tx_version\\" as \\"tx_version\\", \\"t\\".\\"height\\" as \\"height\\", \\"t\\".\\"position_in_block\\" as \\"position_in_block\\", \\"txs\\".\\"id\\" as \\"id\\", \\"txs\\".\\"signature\\" as \\"signature\\", \\"txs\\".\\"time_stamp\\" as \\"time_stamp\\", \\"txs\\".\\"proofs\\" as \\"proofs\\", \\"addr\\".\\"address\\" as \\"sender\\", \\"addr\\".\\"public_key\\" as \\"sender_public_key\\", \\"td\\".\\"data_key\\" as \\"data_key\\", \\"td\\".\\"data_type\\" as \\"data_type\\", \\"td\\".\\"data_value_integer\\" as \\"data_value_integer\\", \\"td\\".\\"data_value_boolean\\" as \\"data_value_boolean\\", \\"td\\".\\"data_value_string\\" as \\"data_value_string\\", \\"td\\".\\"data_value_binary\\" as \\"data_value_binary\\", \\"td\\".\\"position_in_tx\\" as \\"position_in_tx\\", fee * 10^(-8) as \\"fee\\" from \\"txs_12\\" as \\"t\\" left join \\"txs\\" as \\"txs\\" on \\"txs\\".\\"uid\\" = \\"t\\".\\"tx_uid\\" left join \\"addresses\\" as \\"addr\\" on \\"addr\\".\\"uid\\" = \\"t\\".\\"sender_uid\\" left join \\"txs_12_data\\" as \\"td\\" on \\"td\\".\\"tx_uid\\" = \\"t\\".\\"tx_uid\\" where \\"t\\".\\"tx_uid\\" in (with \\"hp_cte\\" as (select \\"height\\", \\"position_in_block\\" from \\"txs\\" where \\"time_stamp\\" > '2018-01-01 03:00:00.000' order by \\"height\\" asc, \\"position_in_block\\" asc limit 1) select \\"t\\".\\"tx_uid\\" from \\"txs_12\\" as \\"t\\" where \\"height\\" > (select \\"height\\" from \\"hp_cte\\") or (\\"height\\" = (select \\"height\\" from \\"hp_cte\\") and \\"position_in_block\\" > (select \\"position_in_block\\" from \\"hp_cte\\"))) order by \\"t\\".\\"height\\" asc, \\"t\\".\\"position_in_block\\" asc"`;

exports[`transactions.data api method search matches snapshots with type and value 1`] = `"select \\"t\\".\\"tx_uid\\" as \\"tx_uid\\", \\"txs\\".\\"tx_type\\" as \\"tx_type\\", \\"txs\\".\\"tx_version\\" as \\"tx_version\\", \\"t\\".\\"height\\" as \\"height\\", \\"t\\".\\"position_in_block\\" as \\"position_in_block\\", \\"txs\\".\\"id\\" as \\"id\\", \\"txs\\".\\"signature\\" as \\"signature\\", \\"txs\\".\\"time_stamp\\" as \\"time_stamp\\", \\"txs\\".\\"proofs\\" as \\"proofs\\", \\"addr\\".\\"address\\" as \\"sender\\", \\"addr\\".\\"public_key\\" as \\"sender_public_key\\", \\"td\\".\\"data_key\\" as \\"data_key\\", \\"td\\".\\"data_type\\" as \\"data_type\\", \\"td\\".\\"data_value_integer\\" as \\"data_value_integer\\", \\"td\\".\\"data_value_boolean\\" as \\"data_value_boolean\\", \\"td\\".\\"data_value_string\\" as \\"data_value_string\\", \\"td\\".\\"data_value_binary\\" as \\"data_value_binary\\", \\"td\\".\\"position_in_tx\\" as \\"position_in_tx\\", fee * 10^(-8) as \\"fee\\" from \\"txs_12\\" as \\"t\\" left join \\"txs\\" as \\"txs\\" on \\"txs\\".\\"uid\\" = \\"t\\".\\"tx_uid\\" left join \\"addresses\\" as \\"addr\\" on \\"addr\\".\\"uid\\" = \\"t\\".\\"sender_uid\\" left join \\"txs_12_data\\" as \\"td\\" on \\"td\\".\\"tx_uid\\" = \\"t\\".\\"tx_uid\\" where \\"t\\".\\"tx_uid\\" in (with \\"hp_cte\\" as (select \\"height\\", \\"position_in_block\\" from \\"txs\\" where \\"time_stamp\\" > '2018-01-01 03:00:00.000' order by \\"height\\" asc, \\"position_in_block\\" asc limit 1), \\"hp_cte\\" as (select \\"height\\", \\"position_in_block\\" from \\"txs\\" where \\"time_stamp\\" < '2018-01-02 03:00:00.000' order by \\"height\\" desc, \\"position_in_block\\" desc limit 1) select \\"t\\".\\"tx_uid\\" from \\"txs_12\\" as \\"t\\" where \\"height\\" > (select \\"height\\" from \\"hp_cte\\") or (\\"height\\" = (select \\"height\\" from \\"hp_cte\\") and \\"position_in_block\\" > (select \\"position_in_block\\" from \\"hp_cte\\")) and \\"height\\" < (select \\"height\\" from \\"hp_cte\\") or (\\"height\\" = (select \\"height\\" from \\"hp_cte\\") and \\"position_in_block\\" < (select \\"position_in_block\\" from \\"hp_cte\\")) and \\"t\\".\\"tx_uid\\" in (select \\"tx_uid\\" from \\"txs_12_data\\" where \\"data_type\\" = 'integer' and \\"data_value_integer\\" = 11)) order by \\"t\\".\\"height\\" asc, \\"t\\".\\"position_in_block\\" asc"`;
